// Jest Snapshot v1, https://goo.gl/fbAQLP

exports[`renders correctly 1`] = `
.c0 {
  -webkit-align-self: center;
  -ms-flex-item-align: center;
  align-self: center;
  width: 100%;
  max-height: calc(100% - 2 * 20px);
  overflow-y: auto;
  margin: 20px;
  border-radius: 5px;
  background: #fbfbfb;
  box-shadow: 0 10px 40px rgba(0,0,0,0.3);
}

.c4 {
  padding: 30px 20px;
}

.c4 *:first-child {
  margin-top: 0;
}

.c4 *:last-child {
  margin-bottom: 0;
}

.c1 {
  position: -webkit-sticky;
  position: sticky;
  top: 0;
  left: 0;
  right: 0;
  height: 70px;
  display: -webkit-box;
  display: -webkit-flex;
  display: -ms-flexbox;
  display: flex;
  padding: 0 20px;
  background: #0094c0;
  color: #fbfbfb;
  box-shadow: 0 5px 10px rgba(0,0,0,0.4);
}

.c2 {
  display: -webkit-box;
  display: -webkit-flex;
  display: -ms-flexbox;
  display: flex;
  -webkit-align-items: center;
  -webkit-box-align: center;
  -ms-flex-align: center;
  align-items: center;
  margin: 0;
  font-size: 1.7rem;
  -webkit-letter-spacing: 0.05rem;
  -moz-letter-spacing: 0.05rem;
  -ms-letter-spacing: 0.05rem;
  letter-spacing: 0.05rem;
}

.c3 {
  width: 40px;
  height: auto;
  margin-right: 10px;
}

@media screen and (min-width:540px) {
  .c0 {
    width: 500px;
    margin: 20px auto;
  }
}

<div>
  <div
    class="c0"
  >
    <header
      class="c1"
    >
      <h1
        class="c2"
      >
        <img
          alt="world map emoji"
          class="c3"
          src="world-map-emoji.png"
        />
        locations
      </h1>
    </header>
    <div
      class="c4"
    >
      <p>
        <svg
          aria-hidden="true"
          class="svg-inline--fa fa-spinner fa-w-16 fa-spin "
          data-icon="spinner"
          data-prefix="fas"
          focusable="false"
          role="img"
          viewBox="0 0 512 512"
          xmlns="http://www.w3.org/2000/svg"
        >
          <path
            d="M304 48c0 26.51-21.49 48-48 48s-48-21.49-48-48 21.49-48 48-48 48 21.49 48 48zm-48 368c-26.51 0-48 21.49-48 48s21.49 48 48 48 48-21.49 48-48-21.49-48-48-48zm208-208c-26.51 0-48 21.49-48 48s21.49 48 48 48 48-21.49 48-48-21.49-48-48-48zM96 256c0-26.51-21.49-48-48-48S0 229.49 0 256s21.49 48 48 48 48-21.49 48-48zm12.922 99.078c-26.51 0-48 21.49-48 48s21.49 48 48 48 48-21.49 48-48c0-26.509-21.491-48-48-48zm294.156 0c-26.51 0-48 21.49-48 48s21.49 48 48 48 48-21.49 48-48c0-26.509-21.49-48-48-48zM108.922 60.922c-26.51 0-48 21.49-48 48s21.49 48 48 48 48-21.49 48-48-21.491-48-48-48z"
            fill="currentColor"
          />
        </svg>
         Loading...
      </p>
    </div>
  </div>
</div>
`;
